******************************************************************************
          TMS320C6x COFF Linker PC v5.1.0                      
******************************************************************************
>> Linked Wed Mar 07 11:30:57 2007

OUTPUT FILE NAME:   <./Debug/Plot_Cosine.out>
ENTRY POINT SYMBOL: "_c_int00"  address: 00001100


SECTION ALLOCATION MAP

 output                                  attributes/
section   page    origin      length       input sections
--------  ----  ----------  ----------   ----------------
.vectors   0    00000000    00000000     UNINITIALIZED

.const     0    00000000    00000000     UNINITIALIZED

.cio       0    00000000    00000000     UNINITIALIZED

.sysmem    0    00000000    00000000     UNINITIALIZED

.data      0    00000000    00000000     UNINITIALIZED

.text      0    00000000    00001240     
                  00000000    00000400     rts6700.lib : cos.obj (.text:_cos)
                  00000400    00000320                 : frcdivd.obj (.text:__frcdivd)
                  00000720    00000280                 : divd.obj (.text:__divd)
                  000009a0    00000240                 : memcpy62.obj (.text:_memcpy)
                  00000be0    00000140                 : autoinit.obj (.text:__auto_init)
                  00000d20    00000140                 : exit.obj (.text:_exit)
                  00000e60    000000e0     Plot_Cosine.obj (.text)
                  00000f40    000000e0     rts6700.lib : modf.obj (.text:_modf)
                  00001020    000000e0                 : round.obj (.text:__round)
                  00001100    00000080                 : boot.obj (.text:_c_int00)
                  00001180    00000040                 : args_main.obj (.text:__args_main)
                  000011c0    00000040                 : trunc.obj (.text:__trunc)
                  00001200    00000020                 : exit.obj (.text:_abort)
                  00001220    00000020                 : _lock.obj (.text:__nop)

.stack     0    00001240    00000400     UNINITIALIZED
                  00001240    00000008     rts6700.lib : boot.obj (.stack)

.far       0    00001640    00000268     UNINITIALIZED
                  00001640    00000190     Plot_Cosine.obj (.far)
                  000017d0    0000008c     rts6700.lib : exit.obj (.far)
                  00001860    00000040                 : cos.obj (.far)
                  000018a0    00000008                 : _lock.obj (.far)

.cinit     0    000018a8    000000ac     
                  000018a8    00000048     rts6700.lib : cos.obj (.cinit)
                  000018f0    0000002c                 : exit.obj (.cinit)
                  0000191c    00000004     --HOLE-- [fill = 0]
                  00001920    0000001c                 : _lock.obj (.cinit)
                  0000193c    00000004     --HOLE-- [fill = 0]
                  00001940    0000000c     Plot_Cosine.obj (.cinit)
                  0000194c    00000008     --HOLE-- [fill = 0]

.bss       0    00001954    00000004     UNINITIALIZED
                  00001954    00000004     Plot_Cosine.obj (.bss)


GLOBAL SYMBOLS: SORTED ALPHABETICALLY BY Name 

address    name
--------   ----
00001954   $bss
00001954   .bss
00000000   .data
00000000   .text
00001200   C$$EXIT
00000400   __STACK_SIZE
ffffffff   ___binit__
00001954   ___bss__
ffffffff   ___c_args__
000018a8   ___cinit__
00000000   ___data__
00000000   ___edata__
00001958   ___end__
00001240   ___etext__
ffffffff   ___pinit__
00000000   ___text__
00001180   __args_main
00000be0   __auto_init
00001854   __cleanup_ptr
00000720   __divd
00001858   __dtors_ptr
00000400   __frcdivd
000018a0   __lock
00001220   __nop
00001020   __round
00001240   __stack
000011c0   __trunc
000018a4   __unlock
00001200   _abort
00001640   _buffer
00001100   _c_int00
00000000   _cos
00000d20   _exit
00001954   _gain
00000e60   _main
000009a0   _memcpy
00000f40   _modf
ffffffff   binit
000018a8   cinit
00000000   edata
00001958   end
00001240   etext
ffffffff   pinit


GLOBAL SYMBOLS: SORTED BY Symbol Address 

address    name
--------   ----
00000000   ___text__
00000000   ___edata__
00000000   ___data__
00000000   .text
00000000   _cos
00000000   edata
00000000   .data
00000400   __frcdivd
00000400   __STACK_SIZE
00000720   __divd
000009a0   _memcpy
00000be0   __auto_init
00000d20   _exit
00000e60   _main
00000f40   _modf
00001020   __round
00001100   _c_int00
00001180   __args_main
000011c0   __trunc
00001200   _abort
00001200   C$$EXIT
00001220   __nop
00001240   etext
00001240   __stack
00001240   ___etext__
00001640   _buffer
00001854   __cleanup_ptr
00001858   __dtors_ptr
000018a0   __lock
000018a4   __unlock
000018a8   cinit
000018a8   ___cinit__
00001954   ___bss__
00001954   $bss
00001954   .bss
00001954   _gain
00001958   end
00001958   ___end__
ffffffff   ___c_args__
ffffffff   pinit
ffffffff   binit
ffffffff   ___binit__
ffffffff   ___pinit__

[43 symbols]
