******************************************************************************
          TMS320C6x COFF Linker PC v5.1.0                      
******************************************************************************
>> Linked Thu May 31 11:18:54 2007

OUTPUT FILE NAME:   <./Debug/Exp2.out>
ENTRY POINT SYMBOL: "_c_int00"  address: 00009a80


MEMORY CONFIGURATION

                  name            origin    length      used    attr    fill
         ----------------------  --------  ---------  --------  ----  --------
         IRAM                    00000000   00040000  0000a4ed  RWIX
         SDRAM                   80000000   01000000  00000000  RWIX


SECTION ALLOCATION MAP

 output                                  attributes/
section   page    origin      length       input sections
--------  ----  ----------  ----------   ----------------
.sysdata   0    00000000    00000000     UNINITIALIZED

.mem       0    00000000    00000000     UNINITIALIZED

.sysregs   0    00000000    00000000     UNINITIALIZED

.data      0    00000000    00000000     UNINITIALIZED

.cio       0    00000000    00000000     UNINITIALIZED

frt        0    00000000    00000000     UNINITIALIZED

.dsm       0    00000000    00000000     UNINITIALIZED

.hwi       0    00000000    00000000     UNINITIALIZED

.gio       0    00000000    00000000     UNINITIALIZED

.hwi_vec   0    00000000    00000200     
                  00000000    00000200     Exp2cfg.obj (.hwi_vec)

.text      0    00000200    00003020     
                  00000200    000009c0     Exp2.obj (.text)
                  00000bc0    00000480     dsk6713bsl.lib : dsk6713.obj (.text)
                  00001040    00000280     csl6713.lib : csl_edma.obj (.text:_EDMA_open)
                  000012c0    00000240     rts6700.lib : memcpy62.obj (.text:_memcpy)
                  00001500    00000220     csl6713.lib : csl.obj (.text:__CSL_init)
                  00001720    00000220     aic23.obj (.text)
                  00001940    000001e0     biosi.a62 : gbl_cslpllinit6 (.text)
                  00001b20    000001c0     csl6713.lib : csl_irq.obj (.text:_mux2Tables)
                  00001ce0    000001a0     dsk6713bsl.lib : dsk6713_led.obj (.text)
                  00001e80    000001a0     csl6713.lib : csl_edma.obj (.text:_EDMA_allocTable)
                  00002020    000001a0                 : csl_mcbsp.obj (.text:_MCBSP_reset)
                  000021c0    00000140                 : csl_edma.obj (.text:_EDMA_reset)
                  00002300    00000140                 : csl_timer.obj (.text:_TIMER_open)
                  00002440    00000140     rts6700.lib : memset.obj (.text:_memset)
                  00002580    00000120     csl6713.lib : csl_timer.obj (.text:_TIMER_reset)
                  000026a0    00000100                 : csl_mcbsp.obj (.text:_MCBSP_open)
                  000027a0    00000100                 : csl_mcbsp.obj (.text:_MCBSP_start)
                  000028a0    00000100                 : csl_edma.obj (.text:_EDMA_intAlloc)
                  000029a0    000000e0                 : csl_edma.obj (.text:_EDMA_config)
                  00002a80    000000e0     rts6700.lib : exit.obj (.text:_atexit)
                  00002b60    000000e0                 : strasg.obj (.text:__strasg)
                  00002c40    000000a0     csl6713.lib : csl_irq.obj (.text:__IRQ_init)
                  00002ce0    000000a0                 : csl_mcbsp.obj (.text:_MCBSP_config)
                  00002d80    00000080     dsk6713bsl.lib : dsk6713_dip.obj (.text)
                  00002e00    00000060     csl6713.lib : csl_edma.obj (.text:_EDMA_enableChannel)
                  00002e60    00000060                 : csl_timer.obj (.text:_TIMER_configArgs)
                  00002ec0    00000060                 : csl_edma.obj (.text:_EDMA_disableChannel)
                  00002f20    00000060                 : csl_edma.obj (.text:_EDMA_qdmaConfig)
                  00002f80    00000060                 : csl_edma.obj (.text:_EDMA_intEnable)
                  00002fe0    00000040                 : csl_timer.obj (.text:_TIMER_start)
                  00003020    00000040                 : csl_edma.obj (.text:_EDMA_link)
                  00003060    00000040                 : csl_irq.obj (.text:_IRQ_enable)
                  000030a0    00000020                 : csl_irq.obj (.text:_IRQ_clear)
                  000030c0    00000020     rts6700.lib : _lock.obj (.text:__nop)
                  000030e0    00000020     csl6713.lib : csl_edma.obj (.text:_EDMA_intTest)
                  00003100    00000020                 : csl_mcbsp.obj (.text:_MCBSP_xrdy)
                  00003120    00000020                 : csl_mcbsp.obj (.text:_MCBSP_write)
                  00003140    00000020                 : csl_irq.obj (.text:_IRQ_globalEnable)
                  00003160    00000020                 : csl_edma.obj (.text:_EDMA_intClear)
                  00003180    00000020     Exp2cfg_c.obj (.text:CSL_cfgInit)
                  000031a0    00000020     csl6713.lib : csl_irq.obj (.text:_IRQ_globalDisable)
                  000031c0    00000020                 : csl_mcbsp.obj (.text:_MCBSP_getXmtAddr)
                  000031e0    00000020                 : csl_mcbsp.obj (.text:_MCBSP_getRcvAddr)
                  00003200    00000020                 : csl_irq.obj (.text)

.far       0    00003220    00002248     UNINITIALIZED
                  00003220    00001fb8     Exp2.obj (.far)
                  000051d8    000000f4     csl6713.lib : csl_irq.obj (.far)
                  000052cc    0000008c     rts6700.lib : exit.obj (.far)
                  00005358    00000054     csl6713.lib : csl_edma.obj (.far)
                  000053ac    00000038                 : csl_mcbsp.obj (.far)
                  000053e4    00000028                 : csl.obj (.far)
                  0000540c    00000024                 : csl_timer.obj (.far)
                  00005430    00000020     aic23.obj (.far)
                  00005450    0000000c     biosi.a62 : utl_putc_inst.o (.far)
                  0000545c    00000008     rts6700.lib : _lock.obj (.far)
                  00005464    00000002     dsk6713bsl.lib : dsk6713_led.obj (.far)
                  00005466    00000002                    : dsk6713.obj (.far)

.log       0    00005468    00000018     
                  00005468    00000018     Exp2cfg.obj (.log)

.bios      0    00005480    000021e0     
                  00005480    000006e0     biosi.a62 : swi.o62 (.bios)
                  00005b60    00000540     lnkrtdx.a62 : rtdx.o62 (.bios)
                  000060a0    00000440     biosi.a62 : hwi_disp_asm.o6 (.bios)
                  000064e0    00000320               : prd.o62 (.bios)
                  00006800    00000280               : rta.o62 (.bios)
                  00006a80    00000220               : clk.o62 (.bios)
                  00006ca0    00000220               : pip.o62 (.bios)
                  00006ec0    000001a0               : autoinit.o62 (.bios)
                  00007060    00000100               : idl_cal.o62 (.bios)
                  00007160    000000a0               : clk_start6x.o62 (.bios)
                  00007200    00000080               : fxn.o62 (.bios)
                  00007280    00000080               : log.o62 (.bios)
                  00007300    00000080               : gbl_cslinit62.o (.bios)
                  00007380    00000080               : idl_busy.o62 (.bios)
                  00007400    00000060               : utl_doab_inst.o (.bios)
                  00007460    00000060               : sts.o62 (.bios)
                  000074c0    00000060               : utl_putc_inst.o (.bios)
                  00007520    00000040               : rta_andn.o62 (.bios)
                  00007560    00000040               : swi_or.o62 (.bios)
                  000075a0    00000020               : gbl_vers.o62 (.bios)
                  000075c0    00000020               : swi_getmbox.o62 (.bios)
                  000075e0    00000020               : utl_doer_inst.o (.bios)
                  00007600    00000020               : idl.o62 (.bios)
                  00007620    00000020               : fxn_c.o62 (.bios)
                  00007640    00000020               : utl_halt_inst.o (.bios)

.rtdx_text 
*          0    00007660    00000cc0     
                  00007660    00000700     rtdx.lib : rtdx_mon.o62 (.rtdx_text)
                  00007d60    00000580              : buffer1.o62 (.rtdx_text)
                  000082e0    00000040              : intr_tgt.o62 (.rtdx_text)

.cinit     0    00008320    00000cc4     
                  00008320    000004d4     Exp2cfg.obj (.cinit)
                  000087f4    00000004     --HOLE-- [fill = 0]
                  000087f8    000002dc     biosi.a62 : biosdata.o62 (.cinit)
                  00008ad4    00000004     --HOLE-- [fill = 0]
                  00008ad8    0000012c     csl6713.lib : csl_irq.obj (.cinit)
                  00008c04    00000004     --HOLE-- [fill = 0]
                  00008c08    000000c2     Exp2.obj (.cinit)
                  00008cca    00000006     --HOLE-- [fill = 0]
                  00008cd0    00000070     csl6713.lib : csl_edma.obj (.cinit)
                  00008d40    0000005c     lnkrtdx.a62 : rtdx.o62 (.cinit)
                  00008d9c    00000004     --HOLE-- [fill = 0]
                  00008da0    00000054     csl6713.lib : csl_mcbsp.obj (.cinit)
                  00008df4    00000004     --HOLE-- [fill = 0]
                  00008df8    0000004c                 : csl_timer.obj (.cinit)
                  00008e44    00000004     --HOLE-- [fill = 0]
                  00008e48    0000004c     biosi.a62 : rta.o62 (.cinit)
                  00008e94    00000004     --HOLE-- [fill = 0]
                  00008e98    0000003c     csl6713.lib : csl.obj (.cinit)
                  00008ed4    00000004     --HOLE-- [fill = 0]
                  00008ed8    0000002c     biosi.a62 : utl_putc_inst.o (.cinit)
                  00008f04    00000004     --HOLE-- [fill = 0]
                  00008f08    0000002c     rts6700.lib : exit.obj (.cinit)
                  00008f34    00000004     --HOLE-- [fill = 0]
                  00008f38    00000028     aic23.obj (.cinit)
                  00008f60    0000001c     biosi.a62 : hwi.o62 (.cinit)
                  00008f7c    00000004     --HOLE-- [fill = 0]
                  00008f80    0000001c     rts6700.lib : _lock.obj (.cinit)
                  00008f9c    00000004     --HOLE-- [fill = 0]
                  00008fa0    00000010     biosi.a62 : gbl.o62 (.cinit:c)
                  00008fb0    00000010               : clk_start6x.o62 (.cinit)
                  00008fc0    0000000c               : idl_busy.o62 (.cinit)
                  00008fcc    00000004     --HOLE-- [fill = 0]
                  00008fd0    0000000c     rtdx.lib : buffer1.o62 (.cinit)
                  00008fdc    00000008     --HOLE-- [fill = 0]

.rtdx_data 
*          0    00008fe4    0000044c     UNINITIALIZED
                  00008fe4    00000410     Exp2cfg.obj (.rtdx_data)
                  000093f4    00000020     rtdx.lib : buffer1.o62 (.rtdx_data)
                  00009414    0000001c              : rtdx_mon.o62 (.rtdx_data)

.stack     0    00009430    00000400     
                  00009430    00000400     --HOLE-- [fill = 00c0ffee]

.hst1      0    00009830    00000010     UNINITIALIZED
                  00009830    00000010     Exp2cfg.obj (.hst1)

.sysinit   0    00009840    00000320     
                  00009840    00000240     Exp2cfg.obj (.sysinit)
                  00009a80    000000e0     biosi.a62 : boot.o62 (.sysinit)

.bss       0    00009b60    000002b4     UNINITIALIZED
                  00009b60    00000134     biosi.a62 : biosdata.o62 (.bss)
                  00009c94    00000100               : hwi_disp_asm.o6 (.bss)
                  00009d94    00000028     Exp2.obj (.bss)
                  00009dbc    00000020     Exp2cfg.obj (.bss)
                  00009ddc    00000018     lnkrtdx.a62 : rtdx.o62 (.bss)
                  00009df4    00000008     biosi.a62 : clk_start6x.o62 (.bss)
                  00009dfc    00000008               : gbl.o62 (.bss:c)
                  00009e04    00000008               : hwi.o62 (.bss)
                  00009e0c    00000004               : gbl_cslinit62.o (.bss)
                  00009e10    00000004               : idl_busy.o62 (.bss)

.trace     0    00009e14    00000200     
                  00009e14    00000200     --HOLE-- [fill = 00000000]

.hst0      0    0000a014    00000100     UNINITIALIZED
                  0000a014    00000100     Exp2cfg.obj (.hst0)

.pip       0    0000a114    000000c8     UNINITIALIZED
                  0000a114    000000c8     Exp2cfg.obj (.pip)

.idl       0    0000a1dc    00000020     UNINITIALIZED
                  0000a1dc    00000010     Exp2cfg.obj (.idl)
                  0000a1ec    00000010     Exp2cfg.obj (.idlcal)

.args      0    0000a1fc    00000004     
                  0000a1fc    00000004     --HOLE-- [fill = 00000000]

.LOG_system$buf 
*          0    0000a200    00000100     
                  0000a200    00000100     Exp2cfg.obj (.LOG_system$buf) [fill = ffffffff]

.const     0    0000a300    00000065     
                  0000a300    00000020     dsk6713bsl.lib : dsk6713.obj (.const)
                  0000a320    00000023     biosi.a62 : utl_doab_inst.o (.const)
                  0000a343    00000022               : utl_doer_inst.o (.const)

.swi       0    0000a368    00000058     UNINITIALIZED
                  0000a368    00000058     Exp2cfg.obj (.swi)

.sts       0    0000a3c0    00000050     
                  0000a3c0    00000050     Exp2cfg.obj (.sts)

.prd       0    0000a410    00000040     UNINITIALIZED
                  0000a410    00000040     Exp2cfg.obj (.prd)

.hst       0    0000a450    0000002c     UNINITIALIZED
                  0000a450    0000002c     Exp2cfg.obj (.hst)

.switch    0    0000a47c    00000028     
                  0000a47c    00000028     rtdx.lib : rtdx_mon.o62 (.switch)

.gblinit   0    0000a4a4    0000001c     
                  0000a4a4    0000001c     Exp2cfg.obj (.gblinit)

.sys       0    0000a4c0    00000010     UNINITIALIZED
                  0000a4c0    00000010     Exp2cfg.obj (.sys)

.trcdata   0    0000a4d0    0000000c     
                  0000a4d0    0000000c     Exp2cfg.obj (.trcdata)

.pinit     0    0000a4dc    0000000c     
                  0000a4dc    00000004     rtdx.lib : rtdx_mon.o62 (.pinit)
                  0000a4e0    00000004              : buffer1.o62 (.pinit)
                  0000a4e4    00000004     --HOLE-- [fill = 0]

.clk       0    0000a4e8    00000008     UNINITIALIZED
                  0000a4e8    00000008     Exp2cfg.obj (.clk)


GLOBAL SYMBOLS: SORTED ALPHABETICALLY BY Name 

address    name
--------   ----
00009b60   $bss
00009b60   .bss
00000000   .data
00000200   .text
000099c0   BIOS$$CLKOFF
00009990   BIOS$$CLKON
00009840   BIOS_init
000099f0   BIOS_start
00000000   BUF$
00000001   BUF_ENABLED
00000001   CLK$
0000a4e8   CLK_A_TABBEG
0000a4f0   CLK_A_TABEND
00000008   CLK_A_TABLEN
0000dbba   CLK_COUNTSPMS
00000000   CLK_COUNTSPMSHIGH
00009b88   CLK_D_idletime
00009b84   CLK_D_isrhook
00009b80   CLK_D_tabbeg
00009b7c   CLK_D_timefxn
00006a80   CLK_F_getfhtime
00006aa0   CLK_F_gethtime
00006b14   CLK_F_getltime
00006aa0   CLK_F_getshtime
00006b20   CLK_F_isr
00006c5c   CLK_F_itime
000060a0   CLK_HOOKFXN
00004000   CLK_INTBIT
0000dbba   CLK_PRD
00000000   CLK_PRDHIGH
01940000   CLK_REGS
00009b78   CLK_R_time
00000020   CLK_TCR
00000000   CLK_TDDR
00000000   CLK_TDDRHIGH
00006aa0   CLK_TIMEFXN
00000000   CLK_TIMERNUM
00000001   CLK_USETIMER
0000a4ec   CLK_null
00000000   DEV$
00000000   DGN$
00000000   DHL$
00000000   DHL_gChannelsAvailable
00000000   DIO$
00000000   DIO_NUMSWIBASE
00000000   DIO_NUMTSKBASE
00000000   DIO_STATIC
00000000   DPI$
00007200   FXN_F_nop
00007208   FXN_F_run
00007258   FXN_F_zero
00000001   GBL$
00000490   GBL_A_VERSION
00000000   GBL_BIGENDIAN
00000000   GBL_C641XL2PRIORITY
00000000   GBL_CACHE
00000001   GBL_CALLCSLCFGINIT
00000001   GBL_ENABLEINST
00000042   GBL_FOOTPRINT
000075a0   GBL_F_version
00002226   GBL_L2ALLOC
00000000   GBL_L2CONFIGALLOC
00000000   GBL_L2CONFIGURE
00000001   GBL_L2MARMASK
00000000   GBL_L2MARMASK1
00000000   GBL_L2MARMASK2
00000000   GBL_L2MARMASK3
00000000   GBL_L2MARMASK4
00000000   GBL_L2MARMASK5
00000000   GBL_L2MODE
00000000   GBL_L2PRIORITY
00000000   GBL_NULL
00000000   GBL_ROM
00000001   GBL_SUPPORTCSL
0000dbef   GBL_TRCMASKVALUE
00000001   GBL_USERINIT
00001968   GBL_USERINITFXN
00000001   GBL_boot
0000a4d8   GBL_initdone
00009430   GBL_stackbeg
0000982f   GBL_stackend
00000000   GIO$
00007620   GIO_CREATEFXN
00007620   GIO_DELETEFXN
00007620   GIO_PENDFXN
00007620   GIO_POSTFXN
00000000   HOOK$
00000000   HOOK_KNLID
00000001   HST$
0000a450   HST_A_TABBEG
0000a47c   HST_A_TABEND
00000002   HST_A_TABLEN
00000000   HST_DSM
ffffffff   HST_DSMBUFSEG
00000400   HST_DSMMEMSIZE
00009c78   HST_D_chanmask
00000100   HST_MAXFRAMEALLOWED
00000040   HST_MAXFRAMESET
00000000   HST_NONE
00000001   HST_RTDX
00000001   HWI$
00000000   HWI_A_VECS
00009e04   HWI_D_ccmask
000060a0   HWI_F_dispatch
00000000   HWI_GENERATE_RESET_VEC
0000000a   HWI_INT10
0000000b   HWI_INT11
0000000c   HWI_INT12
0000000d   HWI_INT13
0000000e   HWI_INT14
0000000f   HWI_INT15
00000004   HWI_INT4
00000005   HWI_INT5
00000006   HWI_INT6
00000007   HWI_INT7
00000008   HWI_INT8
00000009   HWI_INT9
082039a3   HWI_INTRMULTHIGH
310718a4   HWI_INTRMULTLOW
00000001   HWI_NMI
00000000   HWI_POLARITYMASK
00000002   HWI_RESERVED0
00000003   HWI_RESERVED1
00000000   HWI_RESET
00000001   HWI_ZEROTAB
00000001   IDL$
0000a1ec   IDL_A_CALBEG
0000a1fc   IDL_A_CALEND
00000002   IDL_A_CALLEN
0000a1dc   IDL_A_TABBEG
0000a1ec   IDL_A_TABEND
00000002   IDL_A_TABLEN
00007060   IDL_CALIBRFXN
00009e10   IDL_D_busyObj
00009b68   IDL_D_calbeg
00009b64   IDL_D_calibrate
00009b60   IDL_D_tabbeg
0000a1e8   IDL_END
0000a1f8   IDL_END$
00007380   IDL_F_busy
00007060   IDL_F_calibrate
00007600   IDL_F_loop
00000001   IDL_USECLKIDLTIME
0000a404   IDL_busyObj
0000a400   IDL_busyObj$stsobj
0000a1e0   IDL_cpuLoad
0000a1f0   IDL_cpuLoad$
ffffffff   IRAM
00000001   ISRC$
00000001   LCK$
00005b60   LNK_F_checkBufferCall
00005bd4   LNK_F_dataPump
00005b80   LNK_F_getChanPtr
00005bcc   LNK_F_init
00006078   LNK_F_readCallBack
0000a1e4   LNK_dataPump
0000a1f4   LNK_dataPump$
00009de0   LNK_dspFrameReadyMask
00009ddc   LNK_dspFrameRequestMask
00005e28   LNK_newin
00005f38   LNK_newout
00005be0   LNK_rcloop
00005c90   LNK_rdrtry
00009de8   LNK_readDone
00009dec   LNK_readFail
00009de4   LNK_readPend
00005c98   LNK_rrloop
00009df0   LNK_writeFail
00005d58   LNK_wrloop
00005d50   LNK_wrrtry
00000001   LOG$
00005468   LOG_A_TABBEG
00005480   LOG_A_TABEND
00000001   LOG_A_TABLEN
00009b6c   LOG_D_system
00000001   LOG_ENABLED
00007280   LOG_F_event
00005468   LOG_system
0000a200   LOG_system$buf
00000040   LOG_system$size
00000000   MBX$
00000001   MEM$
00000000   MEM_MALLOCSEG
00000000   MEM_NULL
00000000   MEM_SEGZERO
00000000   MEM_gNumHeap
00000000   OBJ$
00000000   PIP$
0000a114   PIP_A_TABBEG
0000a1dc   PIP_A_TABEND
00000002   PIP_A_TABLEN
00009b70   PIP_D_tabbeg
00009b74   PIP_D_tablen
00006d34   PIP_F_give
00006d34   PIP_F_probe
00006e08   PIP_F_start
00006ca0   PIP_F_take
00000000   PIP_gNextId
00000002   PIP_gNumEmbed
00000001   PRD$
0000a410   PRD_A_TABBEG
0000a450   PRD_A_TABEND
00000002   PRD_A_TABLEN
00009c34   PRD_D_cur
00009c38   PRD_D_elapsed
00009c3c   PRD_D_prevtim
00009c40   PRD_D_scalar
00009c44   PRD_D_swihandle
00009c48   PRD_D_tabbeg
00009c4c   PRD_D_tablen
00009c50   PRD_D_thook
00009c30   PRD_D_tick
000064e0   PRD_F_swi
0000673c   PRD_F_tick
00000002   PRD_SCALAR
0000a394   PRD_SWIHANDLE
00007200   PRD_THOOKFXN
0000a430   PRD_blinkLED
0000a44c   PRD_blinkLED$aaa
0000a3d4   PRD_blinkLED$sts
0000a3d0   PRD_blinkLED$sts$stsobj
0000a4e8   PRD_clock
0000a410   PRD_load
0000a42c   PRD_load$aaa
0000a3c4   PRD_load$sts
0000a3c0   PRD_load$sts$stsobj
0000a394   PRD_swi
0000a3f4   PRD_swi$sts
0000a3f0   PRD_swi$sts$stsobj
00000001   QUE$
00009c54   RTA_D_fromHost
00009c5c   RTA_D_logval
00009c6c   RTA_D_stsval
00009c58   RTA_D_toHost
00007520   RTA_F_andn
000068f8   RTA_F_dispatch
00006800   RTA_F_getlog
00006844   RTA_F_getsts
00007540   RTA_F_or
0000688c   RTA_F_readblk
000068b8   RTA_F_resetmem
000068ac   RTA_F_writeword
0000a1dc   RTA_dispatcher
0000a1ec   RTA_dispatcher$
00006938   RTA_execute
0000a454   RTA_fromHost
00009830   RTA_fromHost$buf
0000a114   RTA_fromHost$pipe
0000a144   RTA_fromHost$pipe$aaa
0000a174   RTA_fromHost$pipe$bbb
00009dc0   RTA_fromHost$pipe$dtab
0000a118   RTA_fromHost$pipe$rd
0000a148   RTA_fromHost$pipe$wr
0000a45c   RTA_fromHost$rtdx
0000a468   RTA_toHost
0000a014   RTA_toHost$buf
0000a178   RTA_toHost$pipe
0000a1a8   RTA_toHost$pipe$aaa
0000a1d8   RTA_toHost$pipe$bbb
00009dcc   RTA_toHost$pipe$dtab
0000a17c   RTA_toHost$pipe$rd
0000a1ac   RTA_toHost$pipe$wr
0000a470   RTA_toHost$rtdx
00000001   RTDX$
00000408   RTDX_BUFMEMSIZE
ffffffff   RTDX_DATAMEMSEG
00000001   RTDX_NORMALIZED_HDR
00000001   RTDX_USERTDX
00000000   RTDX_USERTEXECUTION
ffffffff   SDRAM
00000000   SEM$
00000000   SIO$
00000001   STS$
0000a3c0   STS_A_TABBEG
0000a410   STS_A_TABEND
00000005   STS_A_TABLEN
00007470   STS_F_add
00007460   STS_F_delta
0000749c   STS_F_reset
00000001   SWI$
0000a368   SWI_A_TABBEG
0000a3c0   SWI_A_TABEND
00000002   SWI_A_TABLEN
00009b98   SWI_D_curfxn
00009b8c   SWI_D_curmask
00009b9c   SWI_D_curmbox
00009b90   SWI_D_curset
00009bb4   SWI_D_ehook
00009ba4   SWI_D_execaddr
00009bb0   SWI_D_ihook
00009ba0   SWI_D_lock
00009b94   SWI_D_pending
00009bac   SWI_D_rdybeg
00009bb8   SWI_D_rdytab
00009ba8   SWI_D_runaddr
00000000   SWI_EHOOKFXN
0000571c   SWI_EXECFXN
00005480   SWI_F_enable
000056a4   SWI_F_exec
0000571c   SWI_F_iexec
0000550c   SWI_F_post
000058f0   SWI_F_run
00000000   SWI_IHOOKFXN
000058f0   SWI_RUNFXN
00000001   SYS$
0000a4c0   SYS$config
00007400   SYS_ABORTFXN
000075e0   SYS_ERRORFXN
00007640   SYS_EXITFXN
000074c0   SYS_PUTCFXN
0000a4d4   TRC_R_mask
0000a4d0   TRC_cinit
00000000   TSK$
00000000   TSK_NUM_HOOKS
00000001   TSK_PRIORITY
00000000   TSK_READYFXN
00000000   TSK_STACKSEG
00000400   TSK_STACKSIZE
00000000   TSK_SWITCHFXN
00007620   TSK_VCREATEFXN
00007620   TSK_VDELETEFXN
00007620   TSK_VEXITFXN
00000000   UDEV$
00001720   _AIC23_setParams
00009840   _BIOS_init
000099f0   _BIOS_start
0000dbba   _CLK_COUNTSPMS
00006c5c   _CLK_F_itime
0000dbba   _CLK_PRD
01940000   _CLK_REGS
00000000   _CLK_TDDR
00000000   _CLK_TIMERNUM
00000001   _CLK_USETIMER
00006c5c   _CLK_itime
00007160   _CLK_start
00007160   _CLK_start6x
00003180   _CSL_cfgInit
00002d88   _DSK6713_DIP_get
00002d80   _DSK6713_DIP_init
00001ce0   _DSK6713_LED_init
00001d08   _DSK6713_LED_off
00001d64   _DSK6713_LED_on
00001dc0   _DSK6713_LED_toggle
00000fd4   _DSK6713_getVersion
00000c0c   _DSK6713_init
00000f28   _DSK6713_rget
00000f3c   _DSK6713_rset
00005466   _DSK6713_version
00000f50   _DSK6713_wait
00000fa8   _DSK6713_waitusec
00001e80   _EDMA_allocTable
000029a0   _EDMA_config
00002ec0   _EDMA_disableChannel
00002e00   _EDMA_enableChannel
000028a0   _EDMA_intAlloc
00003160   _EDMA_intClear
00002f80   _EDMA_intEnable
000030e0   _EDMA_intTest
00003020   _EDMA_link
00001040   _EDMA_open
00002f20   _EDMA_qdmaConfig
000021c0   _EDMA_reset
00007620   _FXN_F_nop
00007208   _FXN_F_run
00007258   _FXN_F_zero
00000000   _GBL_CACHE
00007300   _GBL_cslInit
00009e0c   _GBL_cslTimerHandle
00009dfc   _GBL_irqEventTable
00009e00   _GBL_irqIntTable
00001968   _GBL_setPLLto225MHz
0000a450   _HST_A_TABBEG
0000a47c   _HST_A_TABEND
00000002   _HST_A_TABLEN
00009e08   _HWI_D_spsave
000060a0   _HWI_F_dispatch
0000000a   _HWI_INT10
0000000b   _HWI_INT11
0000000c   _HWI_INT12
0000000d   _HWI_INT13
0000000e   _HWI_INT14
0000000f   _HWI_INT15
00000004   _HWI_INT4
00000005   _HWI_INT5
00000006   _HWI_INT6
00000007   _HWI_INT7
00000008   _HWI_INT8
00000009   _HWI_INT9
00000001   _HWI_NMI
00000002   _HWI_RESERVED0
00000003   _HWI_RESERVED1
00000000   _HWI_RESET
00009828   _HWI_STKBOTTOM
00009430   _HWI_STKTOP
00009c94   _HWI_dispatchTab
0000a404   _IDL_busyObj
0000a1e0   _IDL_cpuLoad
00007600   _IDL_loop
ffffffff   _IRAM
000030a0   _IRQ_clear
00003060   _IRQ_enable
000031a0   _IRQ_globalDisable
00003140   _IRQ_globalEnable
00000000   _KNL_swi
0000a1e4   _LNK_dataPump
00005468   _LOG_A_TABBEG
00005480   _LOG_A_TABEND
00000001   _LOG_A_TABLEN
00009b6c   _LOG_D_system
00007280   _LOG_event
00005468   _LOG_system
00002ce0   _MCBSP_config
000031e0   _MCBSP_getRcvAddr
000031c0   _MCBSP_getXmtAddr
000026a0   _MCBSP_open
00002020   _MCBSP_reset
000027a0   _MCBSP_start
00003120   _MCBSP_write
00003100   _MCBSP_xrdy
00009c7c   _MEM_D_NUMSEGMENTS
00009c84   _MEM_D_freelist
00009c88   _MEM_D_lockaddr
00009c80   _MEM_D_memtab
00009c8c   _MEM_D_unlockaddr
00000000   _MEM_memtab
0000a114   _PIP_A_TABBEG
0000a1dc   _PIP_A_TABEND
00000002   _PIP_A_TABLEN
00009c30   _PRD_D_tick
0000a430   _PRD_blinkLED
0000a4e8   _PRD_clock
0000a410   _PRD_load
0000a394   _PRD_swi
0000a1dc   _RTA_dispatcher
0000a454   _RTA_fromHost
0000a468   _RTA_toHost
00008fe4   _RTDX_Buffer
000093f0   _RTDX_Buffer_End
00007d60   _RTDX_Buffer_Initialize
00008288   _RTDX_Buffer_Read
000093ec   _RTDX_Buffer_Start
00008060   _RTDX_Buffer_Write
00007708   _RTDX_Final_RT_Monitor
00007680   _RTDX_Init_RT_Monitor
00007730   _RTDX_IsFlowEnabled
00000002   _RTDX_JTAGONLY
000082e0   _RTDX_Mask_IER
00007bf8   _RTDX_Mon_Queue
00007744   _RTDX_Poll
000082f8   _RTDX_Set_IER
00000000   _RTDX_interrupt_mask
00009400   _RTDX_writing
ffffffff   _SDRAM
0000a3c0   _STS_A_TABBEG
0000a410   _STS_A_TABEND
00000005   _STS_A_TABLEN
00007470   _STS_add
00007460   _STS_delta
0000749c   _STS_reset
00009b98   _SWI_D_curfxn
00009b8c   _SWI_D_curmask
00009ba0   _SWI_D_lock
00009bac   _SWI_D_rdybeg
000075c0   _SWI_getmbox
00007560   _SWI_or
00007560   _SWI_orHook
00009c90   _SYS
00009e14   _SYS_PUTCBEG
0000a013   _SYS_PUTCEND
00002e60   _TIMER_configArgs
00002300   _TIMER_open
00002580   _TIMER_reset
00002fe0   _TIMER_start
0000a4d4   _TRC_R_mask
00007400   _UTL_doAbort
000075e0   _UTL_doError
000074c0   _UTL_doPutc
00007640   _UTL_halt
00006c70   __CLK_lat1beg
00006c9c   __CLK_lat1end
00001500   __CSL_init
00009dd8   __HOOK_NUMHOOKS
00009dbc   __HOOK_knlId
000060a0   __HWI_lat1beg
0000624c   __HWI_lat1end
0000624c   __HWI_lat2beg
000063dc   __HWI_lat2end1
00006368   __HWI_lat2end2
00006424   __HWI_lat3beg
000064cc   __HWI_lat3end1
000063a0   __HWI_lat3end2
00007380   __IDL_lat1beg
000073d0   __IDL_lat1end
000052c4   __IRQ_dispatchTable
00005200   __IRQ_eventTable
00003200   __IRQ_hookFetchPacket
00002c40   __IRQ_init
00005284   __IRQ_intTable
00007280   __LOG_lat1beg
000072c4   __LOG_lat1end1
000072f0   __LOG_lat1end2
000053dc   __MCBSP_hDev0
000053e0   __MCBSP_hDev1
000068b8   __RTA_lat1beg
000068f0   __RTA_lat1end
00000400   __STACK_SIZE
00005614   __SWI_lat1beg
000056a0   __SWI_lat1end1
0000575c   __SWI_lat1end2
00005800   __SWI_lat2beg
000058ec   __SWI_lat2end2
00005480   __SWI_lat3beg
00005508   __SWI_lat3end
0000540c   __TIMER_deviceTable
0000542c   __TIMER_hBios
00005424   __TIMER_hDev0
00005428   __TIMER_hDev1
ffffffff   ___binit__
00009b60   ___bss__
0000a1fc   ___c_args__
00008320   ___cinit__
00000000   ___data__
00000000   ___edata__
00009e14   ___end__
00003220   ___etext__
0000a4dc   ___pinit__
00000200   ___text__
00006ec0   __auto_init
00005350   __cleanup_ptr
00005354   __dtors_ptr
0000545c   __lock
000030c0   __nop
00009430   __stack
00002b60   __strasg
00005460   __unlock
00002a80   _atexit
00000aec   _blinkLED
00009a80   _c_int00
000051b0   _config
00000834   _copyData
000008d8   _edmaHwi
000041c0   _gBufferRcvPing
00004990   _gBufferRcvPong
00003220   _gBufferXmtPing
000039f0   _gBufferXmtPong
00005178   _gEdmaConfigRcv
00005160   _gEdmaConfigXmt
00009db2   _gRcvChan
00009db0   _gXmtChan
00009da0   _hEdmaRcv
00009da4   _hEdmaReloadRcvPing
00009da8   _hEdmaReloadRcvPong
00009d98   _hEdmaReloadXmtPing
00009d9c   _hEdmaReloadXmtPong
00009d94   _hEdmaXmt
00009dac   _hMcbsp1
000003b0   _initEdma
00000360   _initIrq
000002e0   _initMcbsp
00000b38   _load
00000200   _main
000012c0   _memcpy
00002440   _memset
00000a2c   _processBuffer
0000a368   _processBufferSwi
000093f4   _rtdx_buffer_state
00009414   _rtdx_mon_state
0000536c   _tccAllocTable
00001940   _wait500nS
ffffffff   binit
00008320   cinit
00000000   edata
00009e14   end
00003220   etext
00000000   hwi0
00000020   hwi1
00000140   hwi10
00000160   hwi11
00000180   hwi12
000001a0   hwi13
000001c0   hwi14
000001e0   hwi15
00000040   hwi2
00000060   hwi3
00000080   hwi4
000000a0   hwi5
000000c0   hwi6
000000e0   hwi7
00000100   hwi8
00000120   hwi9
0000a4dc   pinit
0000a368   processBufferSwi
0000a3e4   processBufferSwi$sts
0000a3e0   processBufferSwi$sts$stsobj


GLOBAL SYMBOLS: SORTED BY Symbol Address 

address    name
--------   ----
00000000   ___data__
00000000   TSK_STACKSEG
00000000   GBL_C641XL2PRIORITY
00000000   GBL_CACHE
00000000   ___edata__
00000000   GBL_L2MARMASK1
00000000   GBL_L2MARMASK2
00000000   GBL_L2CONFIGALLOC
00000000   GBL_L2CONFIGURE
00000000   GBL_BIGENDIAN
00000000   DHL$
00000000   DHL_gChannelsAvailable
00000000   DEV$
00000000   DGN$
00000000   DIO$
00000000   DIO_STATIC
00000000   DPI$
00000000   DIO_NUMSWIBASE
00000000   DIO_NUMTSKBASE
00000000   GBL_L2MARMASK3
00000000   _CLK_TDDR
00000000   HWI_A_VECS
00000000   HWI_GENERATE_RESET_VEC
00000000   GIO$
00000000   _CLK_TIMERNUM
00000000   HST_NONE
00000000   HST_DSM
00000000   HOOK$
00000000   HOOK_KNLID
00000000   UDEV$
00000000   GBL_L2MODE
00000000   GBL_L2PRIORITY
00000000   GBL_L2MARMASK4
00000000   GBL_L2MARMASK5
00000000   GBL_NULL
00000000   HWI_POLARITYMASK
00000000   TSK_SWITCHFXN
00000000   GBL_ROM
00000000   HWI_RESET
00000000   MEM_MALLOCSEG
00000000   MBX$
00000000   CLK_COUNTSPMSHIGH
00000000   MEM_SEGZERO
00000000   MEM_NULL
00000000   TSK_NUM_HOOKS
00000000   edata
00000000   hwi0
00000000   SWI_IHOOKFXN
00000000   SEM$
00000000   PIP_gNextId
00000000   _HWI_RESET
00000000   _GBL_CACHE
00000000   TSK$
00000000   .data
00000000   OBJ$
00000000   MEM_gNumHeap
00000000   PIP$
00000000   BUF$
00000000   _KNL_swi
00000000   CLK_TDDR
00000000   CLK_TDDRHIGH
00000000   SIO$
00000000   SWI_EHOOKFXN
00000000   _MEM_memtab
00000000   _RTDX_interrupt_mask
00000000   RTDX_USERTEXECUTION
00000000   CLK_TIMERNUM
00000000   CLK_PRDHIGH
00000000   TSK_READYFXN
00000001   PRD$
00000001   _HWI_NMI
00000001   RTDX$
00000001   IDL$
00000001   RTDX_USERTDX
00000001   HST_RTDX
00000001   QUE$
00000001   LOG_ENABLED
00000001   RTDX_NORMALIZED_HDR
00000001   _LOG_A_TABLEN
00000001   HWI$
00000001   IDL_USECLKIDLTIME
00000001   ISRC$
00000001   HWI_ZEROTAB
00000001   MEM$
00000001   SWI$
00000001   STS$
00000001   _CLK_USETIMER
00000001   LOG_A_TABLEN
00000001   LOG$
00000001   LCK$
00000001   SYS$
00000001   HWI_NMI
00000001   CLK_USETIMER
00000001   TSK_PRIORITY
00000001   HST$
00000001   GBL_ENABLEINST
00000001   GBL_USERINIT
00000001   GBL_boot
00000001   GBL_L2MARMASK
00000001   GBL_SUPPORTCSL
00000001   GBL$
00000001   BUF_ENABLED
00000001   CLK$
00000001   GBL_CALLCSLCFGINIT
00000002   _PIP_A_TABLEN
00000002   HWI_RESERVED0
00000002   PRD_SCALAR
00000002   _RTDX_JTAGONLY
00000002   PIP_gNumEmbed
00000002   _HWI_RESERVED0
00000002   IDL_A_CALLEN
00000002   PIP_A_TABLEN
00000002   _HST_A_TABLEN
00000002   IDL_A_TABLEN
00000002   SWI_A_TABLEN
00000002   HST_A_TABLEN
00000002   PRD_A_TABLEN
00000003   _HWI_RESERVED1
00000003   HWI_RESERVED1
00000004   _HWI_INT4
00000004   HWI_INT4
00000005   STS_A_TABLEN
00000005   _HWI_INT5
00000005   _STS_A_TABLEN
00000005   HWI_INT5
00000006   HWI_INT6
00000006   _HWI_INT6
00000007   HWI_INT7
00000007   _HWI_INT7
00000008   HWI_INT8
00000008   CLK_A_TABLEN
00000008   _HWI_INT8
00000009   _HWI_INT9
00000009   HWI_INT9
0000000a   HWI_INT10
0000000a   _HWI_INT10
0000000b   HWI_INT11
0000000b   _HWI_INT11
0000000c   _HWI_INT12
0000000c   HWI_INT12
0000000d   HWI_INT13
0000000d   _HWI_INT13
0000000e   HWI_INT14
0000000e   _HWI_INT14
0000000f   _HWI_INT15
0000000f   HWI_INT15
00000020   hwi1
00000020   CLK_TCR
00000040   LOG_system$size
00000040   HST_MAXFRAMESET
00000040   hwi2
00000042   GBL_FOOTPRINT
00000060   hwi3
00000080   hwi4
000000a0   hwi5
000000c0   hwi6
000000e0   hwi7
00000100   HST_MAXFRAMEALLOWED
00000100   hwi8
00000120   hwi9
00000140   hwi10
00000160   hwi11
00000180   hwi12
000001a0   hwi13
000001c0   hwi14
000001e0   hwi15
00000200   .text
00000200   ___text__
00000200   _main
000002e0   _initMcbsp
00000360   _initIrq
000003b0   _initEdma
00000400   HST_DSMMEMSIZE
00000400   TSK_STACKSIZE
00000400   __STACK_SIZE
00000408   RTDX_BUFMEMSIZE
00000490   GBL_A_VERSION
00000834   _copyData
000008d8   _edmaHwi
00000a2c   _processBuffer
00000aec   _blinkLED
00000b38   _load
00000c0c   _DSK6713_init
00000f28   _DSK6713_rget
00000f3c   _DSK6713_rset
00000f50   _DSK6713_wait
00000fa8   _DSK6713_waitusec
00000fd4   _DSK6713_getVersion
00001040   _EDMA_open
000012c0   _memcpy
00001500   __CSL_init
00001720   _AIC23_setParams
00001940   _wait500nS
00001968   GBL_USERINITFXN
00001968   _GBL_setPLLto225MHz
00001ce0   _DSK6713_LED_init
00001d08   _DSK6713_LED_off
00001d64   _DSK6713_LED_on
00001dc0   _DSK6713_LED_toggle
00001e80   _EDMA_allocTable
00002020   _MCBSP_reset
000021c0   _EDMA_reset
00002226   GBL_L2ALLOC
00002300   _TIMER_open
00002440   _memset
00002580   _TIMER_reset
000026a0   _MCBSP_open
000027a0   _MCBSP_start
000028a0   _EDMA_intAlloc
000029a0   _EDMA_config
00002a80   _atexit
00002b60   __strasg
00002c40   __IRQ_init
00002ce0   _MCBSP_config
00002d80   _DSK6713_DIP_init
00002d88   _DSK6713_DIP_get
00002e00   _EDMA_enableChannel
00002e60   _TIMER_configArgs
00002ec0   _EDMA_disableChannel
00002f20   _EDMA_qdmaConfig
00002f80   _EDMA_intEnable
00002fe0   _TIMER_start
00003020   _EDMA_link
00003060   _IRQ_enable
000030a0   _IRQ_clear
000030c0   __nop
000030e0   _EDMA_intTest
00003100   _MCBSP_xrdy
00003120   _MCBSP_write
00003140   _IRQ_globalEnable
00003160   _EDMA_intClear
00003180   _CSL_cfgInit
000031a0   _IRQ_globalDisable
000031c0   _MCBSP_getXmtAddr
000031e0   _MCBSP_getRcvAddr
00003200   __IRQ_hookFetchPacket
00003220   etext
00003220   ___etext__
00003220   _gBufferXmtPing
000039f0   _gBufferXmtPong
00004000   CLK_INTBIT
000041c0   _gBufferRcvPing
00004990   _gBufferRcvPong
00005160   _gEdmaConfigXmt
00005178   _gEdmaConfigRcv
000051b0   _config
00005200   __IRQ_eventTable
00005284   __IRQ_intTable
000052c4   __IRQ_dispatchTable
00005350   __cleanup_ptr
00005354   __dtors_ptr
0000536c   _tccAllocTable
000053dc   __MCBSP_hDev0
000053e0   __MCBSP_hDev1
0000540c   __TIMER_deviceTable
00005424   __TIMER_hDev0
00005428   __TIMER_hDev1
0000542c   __TIMER_hBios
0000545c   __lock
00005460   __unlock
00005466   _DSK6713_version
00005468   LOG_system
00005468   _LOG_A_TABBEG
00005468   _LOG_system
00005468   LOG_A_TABBEG
00005480   _LOG_A_TABEND
00005480   LOG_A_TABEND
00005480   __SWI_lat3beg
00005480   SWI_F_enable
00005508   __SWI_lat3end
0000550c   SWI_F_post
00005614   __SWI_lat1beg
000056a0   __SWI_lat1end1
000056a4   SWI_F_exec
0000571c   SWI_EXECFXN
0000571c   SWI_F_iexec
0000575c   __SWI_lat1end2
00005800   __SWI_lat2beg
000058ec   __SWI_lat2end2
000058f0   SWI_F_run
000058f0   SWI_RUNFXN
00005b60   LNK_F_checkBufferCall
00005b80   LNK_F_getChanPtr
00005bcc   LNK_F_init
00005bd4   LNK_F_dataPump
00005be0   LNK_rcloop
00005c90   LNK_rdrtry
00005c98   LNK_rrloop
00005d50   LNK_wrrtry
00005d58   LNK_wrloop
00005e28   LNK_newin
00005f38   LNK_newout
00006078   LNK_F_readCallBack
000060a0   CLK_HOOKFXN
000060a0   __HWI_lat1beg
000060a0   _HWI_F_dispatch
000060a0   HWI_F_dispatch
0000624c   __HWI_lat1end
0000624c   __HWI_lat2beg
00006368   __HWI_lat2end2
000063a0   __HWI_lat3end2
000063dc   __HWI_lat2end1
00006424   __HWI_lat3beg
000064cc   __HWI_lat3end1
000064e0   PRD_F_swi
0000673c   PRD_F_tick
00006800   RTA_F_getlog
00006844   RTA_F_getsts
0000688c   RTA_F_readblk
000068ac   RTA_F_writeword
000068b8   __RTA_lat1beg
000068b8   RTA_F_resetmem
000068f0   __RTA_lat1end
000068f8   RTA_F_dispatch
00006938   RTA_execute
00006a80   CLK_F_getfhtime
00006aa0   CLK_F_getshtime
00006aa0   CLK_F_gethtime
00006aa0   CLK_TIMEFXN
00006b14   CLK_F_getltime
00006b20   CLK_F_isr
00006c5c   _CLK_F_itime
00006c5c   CLK_F_itime
00006c5c   _CLK_itime
00006c70   __CLK_lat1beg
00006c9c   __CLK_lat1end
00006ca0   PIP_F_take
00006d34   PIP_F_give
00006d34   PIP_F_probe
00006e08   PIP_F_start
00006ec0   __auto_init
00007060   IDL_F_calibrate
00007060   IDL_CALIBRFXN
00007160   _CLK_start6x
00007160   _CLK_start
00007200   PRD_THOOKFXN
00007200   FXN_F_nop
00007208   FXN_F_run
00007208   _FXN_F_run
00007258   FXN_F_zero
00007258   _FXN_F_zero
00007280   LOG_F_event
00007280   __LOG_lat1beg
00007280   _LOG_event
000072c4   __LOG_lat1end1
000072f0   __LOG_lat1end2
00007300   _GBL_cslInit
00007380   IDL_F_busy
00007380   __IDL_lat1beg
000073d0   __IDL_lat1end
00007400   _UTL_doAbort
00007400   SYS_ABORTFXN
00007460   _STS_delta
00007460   STS_F_delta
00007470   STS_F_add
00007470   _STS_add
0000749c   STS_F_reset
0000749c   _STS_reset
000074c0   _UTL_doPutc
000074c0   SYS_PUTCFXN
00007520   RTA_F_andn
00007540   RTA_F_or
00007560   _SWI_orHook
00007560   _SWI_or
000075a0   GBL_F_version
000075c0   _SWI_getmbox
000075e0   SYS_ERRORFXN
000075e0   _UTL_doError
00007600   _IDL_loop
00007600   IDL_F_loop
00007620   GIO_PENDFXN
00007620   TSK_VCREATEFXN
00007620   TSK_VDELETEFXN
00007620   GIO_CREATEFXN
00007620   GIO_DELETEFXN
00007620   TSK_VEXITFXN
00007620   GIO_POSTFXN
00007620   _FXN_F_nop
00007640   _UTL_halt
00007640   SYS_EXITFXN
00007680   _RTDX_Init_RT_Monitor
00007708   _RTDX_Final_RT_Monitor
00007730   _RTDX_IsFlowEnabled
00007744   _RTDX_Poll
00007bf8   _RTDX_Mon_Queue
00007d60   _RTDX_Buffer_Initialize
00008060   _RTDX_Buffer_Write
00008288   _RTDX_Buffer_Read
000082e0   _RTDX_Mask_IER
000082f8   _RTDX_Set_IER
00008320   ___cinit__
00008320   cinit
00008fe4   _RTDX_Buffer
000093ec   _RTDX_Buffer_Start
000093f0   _RTDX_Buffer_End
000093f4   _rtdx_buffer_state
00009400   _RTDX_writing
00009414   _rtdx_mon_state
00009430   GBL_stackbeg
00009430   _HWI_STKTOP
00009430   __stack
00009828   _HWI_STKBOTTOM
0000982f   GBL_stackend
00009830   RTA_fromHost$buf
00009840   _BIOS_init
00009840   BIOS_init
00009990   BIOS$$CLKON
000099c0   BIOS$$CLKOFF
000099f0   _BIOS_start
000099f0   BIOS_start
00009a80   _c_int00
00009b60   $bss
00009b60   ___bss__
00009b60   IDL_D_tabbeg
00009b60   .bss
00009b64   IDL_D_calibrate
00009b68   IDL_D_calbeg
00009b6c   LOG_D_system
00009b6c   _LOG_D_system
00009b70   PIP_D_tabbeg
00009b74   PIP_D_tablen
00009b78   CLK_R_time
00009b7c   CLK_D_timefxn
00009b80   CLK_D_tabbeg
00009b84   CLK_D_isrhook
00009b88   CLK_D_idletime
00009b8c   _SWI_D_curmask
00009b8c   SWI_D_curmask
00009b90   SWI_D_curset
00009b94   SWI_D_pending
00009b98   SWI_D_curfxn
00009b98   _SWI_D_curfxn
00009b9c   SWI_D_curmbox
00009ba0   SWI_D_lock
00009ba0   _SWI_D_lock
00009ba4   SWI_D_execaddr
00009ba8   SWI_D_runaddr
00009bac   SWI_D_rdybeg
00009bac   _SWI_D_rdybeg
00009bb0   SWI_D_ihook
00009bb4   SWI_D_ehook
00009bb8   SWI_D_rdytab
00009c30   PRD_D_tick
00009c30   _PRD_D_tick
00009c34   PRD_D_cur
00009c38   PRD_D_elapsed
00009c3c   PRD_D_prevtim
00009c40   PRD_D_scalar
00009c44   PRD_D_swihandle
00009c48   PRD_D_tabbeg
00009c4c   PRD_D_tablen
00009c50   PRD_D_thook
00009c54   RTA_D_fromHost
00009c58   RTA_D_toHost
00009c5c   RTA_D_logval
00009c6c   RTA_D_stsval
00009c78   HST_D_chanmask
00009c7c   _MEM_D_NUMSEGMENTS
00009c80   _MEM_D_memtab
00009c84   _MEM_D_freelist
00009c88   _MEM_D_lockaddr
00009c8c   _MEM_D_unlockaddr
00009c90   _SYS
00009c94   _HWI_dispatchTab
00009d94   _hEdmaXmt
00009d98   _hEdmaReloadXmtPing
00009d9c   _hEdmaReloadXmtPong
00009da0   _hEdmaRcv
00009da4   _hEdmaReloadRcvPing
00009da8   _hEdmaReloadRcvPong
00009dac   _hMcbsp1
00009db0   _gXmtChan
00009db2   _gRcvChan
00009dbc   __HOOK_knlId
00009dc0   RTA_fromHost$pipe$dtab
00009dcc   RTA_toHost$pipe$dtab
00009dd8   __HOOK_NUMHOOKS
00009ddc   LNK_dspFrameRequestMask
00009de0   LNK_dspFrameReadyMask
00009de4   LNK_readPend
00009de8   LNK_readDone
00009dec   LNK_readFail
00009df0   LNK_writeFail
00009dfc   _GBL_irqEventTable
00009e00   _GBL_irqIntTable
00009e04   HWI_D_ccmask
00009e08   _HWI_D_spsave
00009e0c   _GBL_cslTimerHandle
00009e10   IDL_D_busyObj
00009e14   end
00009e14   _SYS_PUTCBEG
00009e14   ___end__
0000a013   _SYS_PUTCEND
0000a014   RTA_toHost$buf
0000a114   RTA_fromHost$pipe
0000a114   _PIP_A_TABBEG
0000a114   PIP_A_TABBEG
0000a118   RTA_fromHost$pipe$rd
0000a144   RTA_fromHost$pipe$aaa
0000a148   RTA_fromHost$pipe$wr
0000a174   RTA_fromHost$pipe$bbb
0000a178   RTA_toHost$pipe
0000a17c   RTA_toHost$pipe$rd
0000a1a8   RTA_toHost$pipe$aaa
0000a1ac   RTA_toHost$pipe$wr
0000a1d8   RTA_toHost$pipe$bbb
0000a1dc   IDL_A_TABBEG
0000a1dc   _PIP_A_TABEND
0000a1dc   _RTA_dispatcher
0000a1dc   RTA_dispatcher
0000a1dc   PIP_A_TABEND
0000a1e0   IDL_cpuLoad
0000a1e0   _IDL_cpuLoad
0000a1e4   _LNK_dataPump
0000a1e4   LNK_dataPump
0000a1e8   IDL_END
0000a1ec   IDL_A_TABEND
0000a1ec   RTA_dispatcher$
0000a1ec   IDL_A_CALBEG
0000a1f0   IDL_cpuLoad$
0000a1f4   LNK_dataPump$
0000a1f8   IDL_END$
0000a1fc   IDL_A_CALEND
0000a1fc   ___c_args__
0000a200   LOG_system$buf
0000a368   _processBufferSwi
0000a368   SWI_A_TABBEG
0000a368   processBufferSwi
0000a394   PRD_swi
0000a394   PRD_SWIHANDLE
0000a394   _PRD_swi
0000a3c0   STS_A_TABBEG
0000a3c0   PRD_load$sts$stsobj
0000a3c0   SWI_A_TABEND
0000a3c0   _STS_A_TABBEG
0000a3c4   PRD_load$sts
0000a3d0   PRD_blinkLED$sts$stsobj
0000a3d4   PRD_blinkLED$sts
0000a3e0   processBufferSwi$sts$stsobj
0000a3e4   processBufferSwi$sts
0000a3f0   PRD_swi$sts$stsobj
0000a3f4   PRD_swi$sts
0000a400   IDL_busyObj$stsobj
0000a404   _IDL_busyObj
0000a404   IDL_busyObj
0000a410   _PRD_load
0000a410   _STS_A_TABEND
0000a410   PRD_load
0000a410   PRD_A_TABBEG
0000a410   STS_A_TABEND
0000a42c   PRD_load$aaa
0000a430   _PRD_blinkLED
0000a430   PRD_blinkLED
0000a44c   PRD_blinkLED$aaa
0000a450   PRD_A_TABEND
0000a450   _HST_A_TABBEG
0000a450   HST_A_TABBEG
0000a454   RTA_fromHost
0000a454   _RTA_fromHost
0000a45c   RTA_fromHost$rtdx
0000a468   _RTA_toHost
0000a468   RTA_toHost
0000a470   RTA_toHost$rtdx
0000a47c   _HST_A_TABEND
0000a47c   HST_A_TABEND
0000a4c0   SYS$config
0000a4d0   TRC_cinit
0000a4d4   _TRC_R_mask
0000a4d4   TRC_R_mask
0000a4d8   GBL_initdone
0000a4dc   ___pinit__
0000a4dc   pinit
0000a4e8   PRD_clock
0000a4e8   CLK_A_TABBEG
0000a4e8   _PRD_clock
0000a4ec   CLK_null
0000a4f0   CLK_A_TABEND
0000dbba   CLK_COUNTSPMS
0000dbba   CLK_PRD
0000dbba   _CLK_COUNTSPMS
0000dbba   _CLK_PRD
0000dbef   GBL_TRCMASKVALUE
01940000   CLK_REGS
01940000   _CLK_REGS
082039a3   HWI_INTRMULTHIGH
310718a4   HWI_INTRMULTLOW
ffffffff   RTDX_DATAMEMSEG
ffffffff   SDRAM
ffffffff   IRAM
ffffffff   ___binit__
ffffffff   HST_DSMBUFSEG
ffffffff   _IRAM
ffffffff   _SDRAM
ffffffff   binit

[594 symbols]
